
Createexitscript

You are in Cell
You can go north or south.
A cell.  Barred door north, exercise yard south.

> north
A guard blocks the way north.

> opennorth

> north
A guard blocks the way north.

> home
You are in Cell
You can go north or south.
A cell.  Barred door north, exercise yard south.

> openeast

> east
You are in Freedom
You can go down.
Free at last.

> home
You are in Cell
You can go north, south or east.
A cell.  Barred door north, exercise yard south.

> opensouth

> south
You are in Freedom
You can go down.
Free at last.

> home
You are in Cell
You can go north, south or east.
A cell.  Barred door north, exercise yard south.

> shutnorth

> north
You can't go that way.

> home
You are in Cell
You can go south or east.
A cell.  Barred door north, exercise yard south.

> opennorth

> north
A guard blocks the way north.

> home
You are in Cell
You can go north, south or east.
A cell.  Barred door north, exercise yard south.
[runner] turns=16 leftover=0 running=true
