
ExitParam410

You are in Start
You can go north or south.
The starting room.

> look
You are in Start
You can go north or south.
The starting room.

> south
The vault is locked.

> north
You are in Town
You can go south.
A small town.

> look
You are in Town
You can go south.
A small town.

> south
You are in Start
You can go north or south.
The starting room.
[runner] turns=5 leftover=0 running=true
