
gameblockuse280

You are in r1
There is torch, flask, lamp and candle here.
You can go west.
Room one.

> take torch
You pick it up.

> take flask
You pick it up.

> take lamp
You pick it up.

> take candle
You pick it up.

> use torch
The room handler for the torch ran.

> use flask
You might want to, but you can't.

> use lamp
The lamp's own handler ran.

> use candle
The candle's own handler ran.

> west
You are in r2
You can go east.
Room two.

> use torch
The torch's own handler ran.

> use flask
You might want to, but you can't.
[runner] turns=11 leftover=0 running=true
