
Abbrev

You are in Lab.
There is Man in a black suit and heavy oak door here.

> x oak
A heavy oak door.

> x door
A heavy oak door.

> x heavy oak door
A heavy oak door.

> x man
There's nothing special about the man.

> x suit
There's nothing special about the man.
[runner] turns=5 leftover=0 running=true
