
Dupnames

You are in West.
There is nobody here.
There is plain ring and wooden chest here.
You can go east.
The west room.

> look
You are in West.
There is nobody here.
There is plain ring and wooden chest here.
You can go east.
The west room.

> look at chest
Nothing out of the ordinary.

> look
You are in West.
There is nobody here.
There is plain ring, wooden chest and dented lantern here.
You can go east.
The west room.

> look at ring
A plain ring.

> take ring
You take the plain ring.

> look
You are in West.
There is nobody here.
There is wooden chest and dented lantern here.
You can go east.
The west room.

> i
You are not carrying anything.

> drop ring
You drop it.

> i
You are not carrying anything.

> look
You are in West.
There is nobody here.
There is plain ring, wooden chest and dented lantern here.
You can go east.
The west room.

> e
You are in East.
There is nobody here.
There is jewelled ring and polished lantern here.
You can go west.
The east room.

> look
You are in East.
There is nobody here.
There is jewelled ring and polished lantern here.
You can go west.
The east room.

> look at ring
A jewelled ring.

> take ring
You take the jewelled ring.

> look
You are in East.
There is nobody here.
There is jewelled ring and polished lantern here.
You can go west.
The east room.

> i
You are not carrying anything.

> w
You are in West.
There is nobody here.
There is wooden chest and dented lantern here.
You can go east.
The west room.

> look
You are in West.
There is nobody here.
There is wooden chest and dented lantern here.
You can go east.
The west room.
[runner] turns=18 leftover=0 running=true
