
Multiplayer gametype, v1.0 geas test

You are in lobby
There is desk here.
You can go north.
A round room with a desk in it.

> look
You are in lobby
There is desk here.
You can go north.
A round room with a desk in it.

> look at desk
A cyber-netic desk.

> n
You are in hall
You can go south.
A corridor leading back south.

> s
You are in lobby
There is desk here.
You can go north.
A round room with a desk in it.
[runner] turns=4 leftover=0 running=true
