
UnmatchedPercent

You are in hall.
You can go north.
Yep, 100% empty.

> look
You are in hall.
You can go north.
Yep, 100% empty.

> pct
<ERROR>

> hash
<ERROR>

> empty
Doubled % and # are literal.

> both
<ERROR>

> paired
Paired 7 and a string.

> dollar
<ERROR>

> dollarempty
A doubled $ is literal.

> north
You are in plain.
You can go south.
An open plain, %pct%% of it grass.

> look
You are in plain.
You can go south.
An open plain, %pct%% of it grass.

> south
You are in hall.
You can go north.
Yep, 100% empty.
[runner] turns=11 leftover=0 running=true
