
ForEachExit

-- hall --
exit: hall.east
exit: hall.exit1
exit: hall.north
exit count: 3
You can go east, north or to cellar.

> rooms
rooms: 4  objects (game object included): 3

> allexits
exit objects in the whole game: 8

> east
-- study --
exit: study.north
exit: study.out
exit count: 2
You can go north or out.

> remake
north remade

> look
-- study --
exit: study.north
exit: study.out
exit count: 2
You can go north or out.

> north
-- hall --
exit: hall.east
exit: hall.exit1
exit: hall.north
exit count: 3
You can go east, north or to cellar.

> go to cellar
-- cellar --
exit: cellar.north
exit: cellar.exit1
exit count: 2
You can go .

> north
You can't go there.

> allexits
exit objects in the whole game: 8
[runner] turns=9 leftover=0 running=true
