
Itemhide217

You are in Cellar.
There is nobody here.
There is lamp here.
The cellar.

> look
You are in Cellar.
There is nobody here.
There is lamp here.
The cellar.

> check
got lamp: no

> take lamp
You pocket the lamp.

> i
You are carrying:
Lamp and coin.

> check
got lamp: yes

> look
You are in Cellar.
There is nobody here.
The cellar.

> ditch

> check
got lamp: no

> i
You are carrying:
Coin.

> look
You are in Cellar.
There is nobody here.
The cellar.
[runner] turns=10 leftover=0 running=true
