
listempty

You are in Beach.
There is crate, chest, barrel and pebble here.
A sandy beach.

> check crate
crate reads empty

> check chest
chest reads empty

> look in crate
A wooden crate.
There is nothing in the crate.

> look in barrel
A barrel.
You peer into the barrel and see your own reflection.

> look in chest
A sea chest.
The chest is shut.

> open chest
You can't open that.

> look in chest
A sea chest.
The chest is shut.

> take pebble
You pick it up.

> put pebble in crate
You put pebble in crate.

> check crate
crate reads empty

> look in crate
A wooden crate.
It contains pebble.
[runner] turns=11 leftover=0 running=true
