
PlaceAlias

You are in Clearing.
You can go to plain lift or scriptedroom.
A clearing with two lifts.

> look
You are in Clearing.
You can go to plain lift or scriptedroom.
A clearing with two lifts.

> go to plainroom
You can't go there.

> go to plain lift
You are in plain lift.
You can go out to Clearing.
The plain lift.

> out
You are in Clearing.
You can go to plain lift or scriptedroom.
A clearing with two lifts.

> go to scripted lift
You can't go there.

> go to scriptedroom
You squeeze into the scripted lift.
You are in scripted lift.
You can go out to Clearing.
The scripted lift.

> out
You are in Clearing.
You can go to plain lift or scriptedroom.
A clearing with two lifts.
[runner] turns=7 leftover=0 running=true
