
SaveRestore

You are in Hall.
There is Box, Sword and Shield here.
You can go east.
The hall.

> frac

[save]

> zero

[restore]
You are in Hall.
There is Box, Sword and Shield here.
You can go east.
The hall.
[restored]

> shown
n=.5

> zero

> paint

> east
You are in Attic.
You can go west.
The attic.

[restore]
You are in Hall.
There is Box, Sword and Shield here.
You can go east.
The hall.
[restored]

> colour
Box is !

> shown
n=.5

> undo
Undone.
You are in Hall.
There is Box, Sword and Shield here.
You can go east.
The hall.

> undo
Undone.
You are in Hall.
There is Box, Sword and Shield here.
You can go east.
The hall.

> undo
Undone.
You are in Attic.
You can go west.
The attic.

> colour
Box is red

> shown
n=0

> west
You are in Hall.
There is Box, Sword and Shield here.
You can go east.
The hall.

> sword

> undo
Undone.
You are in Hall.
There is Box, Sword and Shield here.
You can go east.
The hall.

> shield

> look at thing
A round shield.

[restore foreign]
[refused]

> look
You are in Hall.
There is Box, Sword, Shield and Thing here.
You can go east.
The hall.
[runner] turns=19 leftover=0 running=true
